
> utiltoolkits-next@0.1.0 build
> next build

▲ Next.js 16.1.6 (Turbopack)
- Environments: .env.local

  Creating an optimized production build ...
✓ Compiled successfully in 46s
  Running TypeScript ...
  Collecting page data using 11 workers ...
✅ Supabase Server Client Initialized with Service Role Key
✅ Supabase Server Client Initialized with Service Role Key
✅ Supabase Server Client Initialized with Service Role Key
✅ Supabase Server Client Initialized with Service Role Key
✅ Supabase Server Client Initialized with Service Role Key
✅ Supabase Server Client Initialized with Service Role Key
✅ Supabase Server Client Initialized with Service Role Key
✅ Supabase Server Client Initialized with Service Role Key
  Generating static pages using 11 workers (0/180) ...
  Generating static pages using 11 workers (45/180) 
  Generating static pages using 11 workers (90/180) 
  Generating static pages using 11 workers (135/180) 
✓ Generating static pages using 11 workers (180/180) in 10.3s
  Finalizing page optimization ...

Route (app)
┌ ○ /
├ ○ /_not-found
├ ○ /about
├ ƒ /api/ai-content-detector/detect
├ ƒ /api/ai-content-detector/humanize
├ ƒ /api/auth/[...nextauth]
├ ƒ /api/code-cast/library
├ ƒ /api/code-cast/snippet
├ ƒ /api/code-cast/snippet/[id]
├ ƒ /api/code-cast/snippets
├ ƒ /api/favorites
├ ƒ /api/test_ping
├ ƒ /api/tts/kokoro
├ ○ /blogs
├ ● /blogs/[blogId]
│ ├ /blogs/guide-json-formatter-validator
│ ├ /blogs/create-stunning-css-gradients
│ ├ /blogs/importance-of-strong-passwords
│ └ [+29 more paths]
├ ● /blogs/category/[categoryName]
│ ├ /blogs/category/coding
│ ├ /blogs/category/css
│ ├ /blogs/category/productivity
│ └ [+9 more paths]
├ ○ /contact
├ ○ /credits
├ ○ /icon.svg
├ ○ /privacy
├ ○ /product/ai-content-detector
├ ○ /product/ai-content-detector/detect
├ ○ /product/code-cast
├ ○ /product/code-cast/animate
├ ○ /product/code-cast/image
├ ○ /product/code-cast/library
├ ○ /product/code-cast/saved
├ ○ /product/code-cast/type
├ ○ /product/code-cast/videos
├ ○ /request-tool
├ ○ /robots.txt
├ ƒ /s/[id]
├ ○ /sitemap.xml
├ ○ /terms
├ ○ /tools
├ ● /tools/[toolId]
│ ├ /tools/json-to-typescript
│ ├ /tools/code-to-image
│ ├ /tools/sql-formatter
│ └ [+91 more paths]
├ ● /tools/category/[categoryName]
│ ├ /tools/category/text
│ ├ /tools/category/image
│ ├ /tools/category/css
│ └ [+7 more paths]
└ ƒ /verify-users


○  (Static)   prerendered as static content
●  (SSG)      prerendered as static HTML (uses generateStaticParams)
ƒ  (Dynamic)  server-rendered on demand

